ASxxxx Linker V03.00 + NoICE + sdld,  page 1.
Hexadecimal  [32-Bits]

Area                                    Addr        Size        Decimal Bytes (Attributes)
--------------------------------        ----        ----        ------- ----- ------------
CABS                                00000000    00000000 =           0. bytes (ABS,CON,CODE)

      Value  Global                              Global Defined In Module
      -----  --------------------------------   ------------------------
C:   00000000  l_BSEG                          
C:   00000000  l_BSEG_BYTES                    
C:   00000000  l_CABS                          
C:   00000000  l_CONST                         
C:   00000000  l_GSINIT1                       
C:   00000000  l_GSINIT5                       
C:   00000000  l_IABS                          
C:   00000000  l_ISEG                          
C:   00000000  l_PSEG                          
C:   00000000  l_REG_BANK_1                    
C:   00000000  l_REG_BANK_2                    
C:   00000000  l_REG_BANK_3                    
C:   00000000  l_RSEG                          
C:   00000000  l_RSEG0                         
C:   00000000  l_RSEG1                         
C:   00000000  l_XABS                          
C:   00000000  l__CODE                         
C:   00000000  s_BSEG                          
C:   00000000  s_CABS                          
C:   00000000  s_DSEG                          
C:   00000000  s_HOME                          
C:   00000000  s_IABS                          
C:   00000000  s_ISEG                          
C:   00000000  s_REG_BANK_0                    
C:   00000000  s_RSEG                          
C:   00000000  s_RSEG0                         
C:   00000000  s_RSEG1                         
C:   00000000  s_XABS                          
C:   00000001  l_BIT_BANK                      
C:   00000001  s_PSEG                          
C:   00000001  s_XSEG                          
C:   00000002  l_OSEG                          
C:   00000003  l_GSFINAL                       
C:   00000003  l_GSINIT0                       
C:   00000008  l_REG_BANK_0                    
C:   00000008  s_REG_BANK_1                    
C:   0000000A  l_GSINIT2                       
C:   00000010  s_REG_BANK_2                    
C:   00000012  s_OSEG                          
C:   00000013  l_HOME                          
C:   00000013  s_GSINIT0                       
C:   00000016  l_XINIT                         
C:   00000016  l_XISEG                         
C:   00000016  s_GSINIT1                       
C:   00000016  s_GSINIT2                       
C:   00000018  s_REG_BANK_3                    
C:   00000020  s_BIT_BANK                      
C:   00000020  s_BSEG_BYTES                    
C:   00000020  s_GSINIT3                       
C:   00000020  s__CODE                         
ASxxxx Linker V03.00 + NoICE + sdld,  page 2.
Hexadecimal  [32-Bits]

Area                                    Addr        Size        Decimal Bytes (Attributes)
--------------------------------        ----        ----        ------- ----- ------------
CABS                                00000000    00000000 =           0. bytes (ABS,CON,CODE)

      Value  Global                              Global Defined In Module
      -----  --------------------------------   ------------------------
C:   00000022  l_GSINIT3                       
C:   0000002A  l_GSINIT4                       
C:   0000002F  l_GSINIT                        
C:   0000003D  s_SSEG                          
C:   00000042  s_GSINIT4                       
C:   0000006C  s_GSINIT                        
C:   0000006C  s_GSINIT5                       
C:   00000074  l_DSEG                          
C:   00000078  l_XSEG                          
C:   00000079  s_XISEG                         
C:   0000009B  s_GSFINAL                       
C:   0000009E  s_CSEG                          
C:   000000C3  l_SSEG                          
C:   00000100  l_IRAM                          
C:   00000621  l_CSEG                          
C:   000006BF  s_CONST                         
C:   000006BF  s_XINIT                         

ASxxxx Linker V03.00 + NoICE + sdld,  page 3.
Hexadecimal  [32-Bits]

Area                                    Addr        Size        Decimal Bytes (Attributes)
--------------------------------        ----        ----        ------- ----- ------------
.  .ABS.                            00000000    00000000 =           0. bytes (ABS,CON)

      Value  Global                              Global Defined In Module
      -----  --------------------------------   ------------------------
     00000000  .__.ABS.                           _startup
     00000080  _P0                                LEDSHU
     00000080  _P0_0                              LEDSHU
     00000081  _P0_1                              LEDSHU
     00000081  _SP                                LEDSHU
     00000082  _DPL                               LEDSHU
     00000082  _P0_2                              LEDSHU
     00000083  _DPH                               LEDSHU
     00000083  _P0_3                              LEDSHU
     00000084  _P0_4                              LEDSHU
     00000085  _P0_5                              LEDSHU
     00000086  _P0_6                              LEDSHU
     00000087  _P0_7                              LEDSHU
     00000087  _PCON                              LEDSHU
     00000088  _IT0                               LEDSHU
     00000088  _TCON                              LEDSHU
     00000089  _IE0                               LEDSHU
     00000089  _TMOD                              LEDSHU
     0000008A  _IT1                               LEDSHU
     0000008A  _TL0                               LEDSHU
     0000008B  _IE1                               LEDSHU
     0000008B  _TL1                               LEDSHU
     0000008C  _TH0                               LEDSHU
     0000008C  _TR0                               LEDSHU
     0000008D  _TF0                               LEDSHU
     0000008D  _TH1                               LEDSHU
     0000008E  _TR1                               LEDSHU
     0000008F  _TF1                               LEDSHU
     00000090  _P1                                LEDSHU
     00000090  _P1_0                              LEDSHU
     00000091  _P1_1                              LEDSHU
     00000092  _P1_2                              LEDSHU
     00000093  _P1_3                              LEDSHU
     00000094  _P1_4                              LEDSHU
     00000095  _P1_5                              LEDSHU
     00000096  _P1_6                              LEDSHU
     00000097  _P1_7                              LEDSHU
     00000098  _RI                                LEDSHU
     00000098  _SCON                              LEDSHU
     00000099  _SBUF                              LEDSHU
     00000099  _TI                                LEDSHU
     0000009A  _RB8                               LEDSHU
     0000009B  _TB8                               LEDSHU
     0000009C  _REN                               LEDSHU
     0000009D  _SM2                               LEDSHU
     0000009E  _SM1                               LEDSHU
     0000009F  _SM0                               LEDSHU
     000000A0  _P2                                LEDSHU
     000000A0  _P2_0                              LEDSHU
     000000A0  __XPAGE                            
ASxxxx Linker V03.00 + NoICE + sdld,  page 4.
Hexadecimal  [32-Bits]

Area                                    Addr        Size        Decimal Bytes (Attributes)
--------------------------------        ----        ----        ------- ----- ------------
.  .ABS.                            00000000    00000000 =           0. bytes (ABS,CON)

      Value  Global                              Global Defined In Module
      -----  --------------------------------   ------------------------
     000000A1  _P2_1                              LEDSHU
     000000A2  _P2_2                              LEDSHU
     000000A3  _P2_3                              LEDSHU
     000000A4  _P2_4                              LEDSHU
     000000A5  _P2_5                              LEDSHU
     000000A6  _P2_6                              LEDSHU
     000000A7  _P2_7                              LEDSHU
     000000A8  _EX0                               LEDSHU
     000000A8  _IE                                LEDSHU
     000000A9  _ET0                               LEDSHU
     000000AA  _EX1                               LEDSHU
     000000AB  _ET1                               LEDSHU
     000000AC  _ES                                LEDSHU
     000000AD  _ET2                               LEDSHU
     000000AF  _EA                                LEDSHU
     000000B0  _P3                                LEDSHU
     000000B0  _P3_0                              LEDSHU
     000000B0  _RXD                               LEDSHU
     000000B1  _P3_1                              LEDSHU
     000000B1  _TXD                               LEDSHU
     000000B2  _INT0                              LEDSHU
     000000B2  _P3_2                              LEDSHU
     000000B3  _INT1                              LEDSHU
     000000B3  _P3_3                              LEDSHU
     000000B4  _P3_4                              LEDSHU
     000000B4  _T0                                LEDSHU
     000000B5  _P3_5                              LEDSHU
     000000B5  _T1                                LEDSHU
     000000B6  _P3_6                              LEDSHU
     000000B6  _WR                                LEDSHU
     000000B7  _P3_7                              LEDSHU
     000000B7  _RD                                LEDSHU
     000000B8  _IP                                LEDSHU
     000000B8  _PX0                               LEDSHU
     000000B9  _PT0                               LEDSHU
     000000BA  _PX1                               LEDSHU
     000000BB  _PT1                               LEDSHU
     000000BC  _PS                                LEDSHU
     000000BD  _PT2                               LEDSHU
     000000C8  _CP_RL2                            LEDSHU
     000000C8  _T2CON                             LEDSHU
     000000C8  _T2CON_0                           LEDSHU
     000000C9  _C_T2                              LEDSHU
     000000C9  _T2CON_1                           LEDSHU
     000000CA  _RCAP2L                            LEDSHU
     000000CA  _T2CON_2                           LEDSHU
     000000CA  _TR2                               LEDSHU
     000000CB  _EXEN2                             LEDSHU
     000000CB  _RCAP2H                            LEDSHU
     000000CB  _T2CON_3                           LEDSHU
     000000CC  _T2CON_4                           LEDSHU
ASxxxx Linker V03.00 + NoICE + sdld,  page 5.
Hexadecimal  [32-Bits]

Area                                    Addr        Size        Decimal Bytes (Attributes)
--------------------------------        ----        ----        ------- ----- ------------
.  .ABS.                            00000000    00000000 =           0. bytes (ABS,CON)

      Value  Global                              Global Defined In Module
      -----  --------------------------------   ------------------------
     000000CC  _TCLK                              LEDSHU
     000000CC  _TL2                               LEDSHU
     000000CD  _RCLK                              LEDSHU
     000000CD  _T2CON_5                           LEDSHU
     000000CD  _TH2                               LEDSHU
     000000CE  _EXF2                              LEDSHU
     000000CE  _T2CON_6                           LEDSHU
     000000CF  _T2CON_7                           LEDSHU
     000000CF  _TF2                               LEDSHU
     000000D0  _P                                 LEDSHU
     000000D0  _PSW                               LEDSHU
     000000D1  _F1                                LEDSHU
     000000D2  _OV                                LEDSHU
     000000D3  _RS0                               LEDSHU
     000000D4  _RS1                               LEDSHU
     000000D5  _F0                                LEDSHU
     000000D6  _AC                                LEDSHU
     000000D7  _CY                                LEDSHU
     000000E0  _ACC                               LEDSHU
     000000F0  _B                                 LEDSHU
     000000F5  _B_5                               _gptrget
     000000F6  _B_6                               _gptrget
     000000F7  _B_7                               _gptrget

ASxxxx Linker V03.00 + NoICE + sdld,  page 6.
Hexadecimal  [32-Bits]

Area                                    Addr        Size        Decimal Bytes (Attributes)
--------------------------------        ----        ----        ------- ----- ------------
REG_BANK_0                          00000000    00000008 =           8. bytes (REL,OVR)

      Value  Global                              Global Defined In Module
      -----  --------------------------------   ------------------------
ASxxxx Linker V03.00 + NoICE + sdld,  page 7.
Hexadecimal  [32-Bits]

Area                                    Addr        Size        Decimal Bytes (Attributes)
--------------------------------        ----        ----        ------- ----- ------------
BIT_BANK                            00000020    00000001 =           1. bytes (REL,OVR)

      Value  Global                              Global Defined In Module
      -----  --------------------------------   ------------------------
ASxxxx Linker V03.00 + NoICE + sdld,  page 8.
Hexadecimal  [32-Bits]

Area                                    Addr        Size        Decimal Bytes (Attributes)
--------------------------------        ----        ----        ------- ----- ------------
DSEG                                00000000    00000074 =         116. bytes (REL,CON)

      Value  Global                              Global Defined In Module
      -----  --------------------------------   ------------------------
     00000008  _ledstatus                         LED
     00000009  _ledarray                          main
     0000000F  _a                                 main
     00000021  _timerClock                        TIMER
     00000025  _timerCount                        TIMER
     00000027  _taskCount                         TIMER
     00000029  _addTIMER0Task_PARM_2              TIMER
     0000002B  _addTIMER0Task_PARM_3              TIMER

ASxxxx Linker V03.00 + NoICE + sdld,  page 9.
Hexadecimal  [32-Bits]

Area                                    Addr        Size        Decimal Bytes (Attributes)
--------------------------------        ----        ----        ------- ----- ------------
OSEG                                00000012    00000002 =           2. bytes (REL,OVR)

      Value  Global                              Global Defined In Module
      -----  --------------------------------   ------------------------
     00000012  __divsint_PARM_2                   _divuint
     00000012  __divuint_PARM_2                   _divuint
     00000012  __modsint_PARM_2                   _moduint
     00000012  __moduint_PARM_2                   _moduint
     00000012  __mulint_PARM_2                    _mulint

ASxxxx Linker V03.00 + NoICE + sdld,  page 10.
Hexadecimal  [32-Bits]

Area                                    Addr        Size        Decimal Bytes (Attributes)
--------------------------------        ----        ----        ------- ----- ------------
SSEG                                0000003D    000000C3 =         195. bytes (REL,OVR)

      Value  Global                              Global Defined In Module
      -----  --------------------------------   ------------------------
     0000003D  __start__stack                     main

ASxxxx Linker V03.00 + NoICE + sdld,  page 11.
Hexadecimal  [32-Bits]

Area                                    Addr        Size        Decimal Bytes (Attributes)
--------------------------------        ----        ----        ------- ----- ------------
XSEG                                00000001    00000078 =         120. bytes (REL,CON,XDATA)

      Value  Global                              Global Defined In Module
      -----  --------------------------------   ------------------------
D:   00000001  _timer0TaskStruct                  TIMER

ASxxxx Linker V03.00 + NoICE + sdld,  page 12.
Hexadecimal  [32-Bits]

Area                                    Addr        Size        Decimal Bytes (Attributes)
--------------------------------        ----        ----        ------- ----- ------------
XISEG                               00000079    00000016 =          22. bytes (REL,CON,XDATA)

      Value  Global                              Global Defined In Module
      -----  --------------------------------   ------------------------
D:   00000079  _LedChar                           LEDSHU
D:   00000089  _data                              LEDSHU

ASxxxx Linker V03.00 + NoICE + sdld,  page 13.
Hexadecimal  [32-Bits]

Area                                    Addr        Size        Decimal Bytes (Attributes)
--------------------------------        ----        ----        ------- ----- ------------
HOME                                00000000    00000013 =          19. bytes (REL,CON,CODE)

      Value  Global                              Global Defined In Module
      -----  --------------------------------   ------------------------
C:   0000000E  __sdcc_program_startup             main
C:   00000011  __sdcc_call_dptr                   

ASxxxx Linker V03.00 + NoICE + sdld,  page 14.
Hexadecimal  [32-Bits]

Area                                    Addr        Size        Decimal Bytes (Attributes)
--------------------------------        ----        ----        ------- ----- ------------
GSINIT0                             00000013    00000003 =           3. bytes (REL,CON,CODE)

      Value  Global                              Global Defined In Module
      -----  --------------------------------   ------------------------
C:   00000013  __sdcc_gsinit_startup              

ASxxxx Linker V03.00 + NoICE + sdld,  page 15.
Hexadecimal  [32-Bits]

Area                                    Addr        Size        Decimal Bytes (Attributes)
--------------------------------        ----        ----        ------- ----- ------------
GSINIT2                             00000016    0000000A =          10. bytes (REL,CON,CODE)

      Value  Global                              Global Defined In Module
      -----  --------------------------------   ------------------------
ASxxxx Linker V03.00 + NoICE + sdld,  page 16.
Hexadecimal  [32-Bits]

Area                                    Addr        Size        Decimal Bytes (Attributes)
--------------------------------        ----        ----        ------- ----- ------------
GSINIT3                             00000020    00000022 =          34. bytes (REL,CON,CODE)

      Value  Global                              Global Defined In Module
      -----  --------------------------------   ------------------------
C:   00000020  __mcs51_genXINIT                   

ASxxxx Linker V03.00 + NoICE + sdld,  page 17.
Hexadecimal  [32-Bits]

Area                                    Addr        Size        Decimal Bytes (Attributes)
--------------------------------        ----        ----        ------- ----- ------------
GSINIT4                             00000042    0000002A =          42. bytes (REL,CON,CODE)

      Value  Global                              Global Defined In Module
      -----  --------------------------------   ------------------------
C:   00000042  __mcs51_genRAMCLEAR                
C:   00000048  __mcs51_genXRAMCLEAR               

ASxxxx Linker V03.00 + NoICE + sdld,  page 18.
Hexadecimal  [32-Bits]

Area                                    Addr        Size        Decimal Bytes (Attributes)
--------------------------------        ----        ----        ------- ----- ------------
GSINIT                              0000006C    0000002F =          47. bytes (REL,CON,CODE)

      Value  Global                              Global Defined In Module
      -----  --------------------------------   ------------------------
ASxxxx Linker V03.00 + NoICE + sdld,  page 19.
Hexadecimal  [32-Bits]

Area                                    Addr        Size        Decimal Bytes (Attributes)
--------------------------------        ----        ----        ------- ----- ------------
GSFINAL                             0000009B    00000003 =           3. bytes (REL,CON,CODE)

      Value  Global                              Global Defined In Module
      -----  --------------------------------   ------------------------
ASxxxx Linker V03.00 + NoICE + sdld,  page 20.
Hexadecimal  [32-Bits]

Area                                    Addr        Size        Decimal Bytes (Attributes)
--------------------------------        ----        ----        ------- ----- ------------
CSEG                                0000009E    00000621 =        1569. bytes (REL,CON,CODE)

      Value  Global                              Global Defined In Module
      -----  --------------------------------   ------------------------
C:   0000009E  _setLedOn                          LED
C:   000000B1  _setLedOff                         LED
C:   000000C3  _setAllLedOn                       LED
C:   000000C7  _setAllLedOff                      LED
C:   000000CB  _setAllLedToggle                   LED
C:   000000D1  _setLedToggle                      LED
C:   00000115  _ledUpdate                         LED
C:   00000128  _timerFun                          main
C:   000001BC  _main                              main
C:   000001E2  _Timer0Start                       TIMER
C:   000001E5  _Timer0Stop                        TIMER
C:   000001E8  _timer0SetValue                    TIMER
C:   00000208  _time0Init                         TIMER
C:   00000252  _getTaskCount                      TIMER
C:   00000259  _addTIMER0Task                     TIMER
C:   00000324  _delTIMER0Task                     TIMER
C:   0000039A  _InterruptTimer0                   TIMER
C:   000003FA  _updateTIMER0                      TIMER
C:   000004B3  _delay10us                         TIMER
C:   000004BA  _delay10usValue                    TIMER
C:   000004CC  _updateLedShu                      LEDSHU
C:   00000592  _setLedShuNum                      LEDSHU
C:   0000060C  __divuint                          _divuint
C:   00000635  __mulint                           _mulint
C:   00000635  __mulint_dummy                     _mulint
C:   00000652  __moduint                          _moduint
C:   0000069F  __gptrget                          _gptrget
C:   000006BB  __sdcc_external_startup            _startup

ASxxxx Linker V03.00 + NoICE + sdld,  page 21.
Hexadecimal  [32-Bits]

Area                                    Addr        Size        Decimal Bytes (Attributes)
--------------------------------        ----        ----        ------- ----- ------------
XINIT                               000006BF    00000016 =          22. bytes (REL,CON,CODE)

      Value  Global                              Global Defined In Module
      -----  --------------------------------   ------------------------
ASxxxx Linker V03.00 + NoICE + sdld,  page 22.

Files Linked                              [ module(s) ]

./obj/LED.rel                             [  ]
./obj/main.rel                            [  ]
./obj/TIMER.rel                           [  ]
./obj/LEDSHU.rel                          [  ]


Libraries Linked                          [ object file ]

/usr/bin/../share/sdcc/lib/small/libint.lib
                                          [ _divuint.rel ]
/usr/bin/../share/sdcc/lib/small/mcs51.lib
                                          [ crtclear.rel ]
/usr/bin/../share/sdcc/lib/small/mcs51.lib
                                          [ crtxinit.rel ]
/usr/bin/../share/sdcc/lib/small/libint.lib
                                          [ _mulint.rel ]
/usr/bin/../share/sdcc/lib/small/libint.lib
                                          [ _moduint.rel ]
/usr/bin/../share/sdcc/lib/small/mcs51.lib
                                          [ crtxclear.rel ]
/usr/bin/../share/sdcc/lib/small/mcs51.lib
                                          [ crtcall.rel ]
/usr/bin/../share/sdcc/lib/small/mcs51.lib
                                          [ crtpagesfr.rel ]
/usr/bin/../share/sdcc/lib/small/mcs51.lib
                                          [ crtstart.rel ]
/usr/bin/../share/sdcc/lib/small/libsdcc.lib
                                          [ _gptrget.rel ]
/usr/bin/../share/sdcc/lib/small/libsdcc.lib
                                          [ _startup.rel ]

ASxxxx Linker V03.00 + NoICE + sdld,  page 23.

User Base Address Definitions

HOME = 0x0000
XSEG = 0x0001
PSEG = 0x0001
ISEG = 0x0000
BSEG = 0x0000

